[36mvite v6.4.1 [32mbuilding for production...[36m[39m
transforming...
[32mΓ£ô[39m 2042 modules transformed.
node.exe : [31mΓ£ù[39m 
Build failed in 3.05s
At C:\Program 
Files\nodejs\npx.ps1:29 char:3
+   & $NODE_EXE $NPX_CLI_JS 
$args
+   
~~~~~~~~~~~~~~~~~~~~~~~~~~~~~
    + CategoryInfo          : 
    NotSpecified: ([31mΓ£ù  
  [39m Build failed in 3.05   
 s:String) [], RemoteExcep    
tion
    + FullyQualifiedErrorId : 
    NativeCommandError
 
[31merror during build:
[31m[vite]: Rollup failed to 
resolve import "react-is" 
from "D:/Karthik/Karthik/Proje
cts/styllo/client/node_modules
/recharts/es6/util/ReactUtils.
js".
This is most likely 
unintended because it can 
break your application at 
runtime.
If you do want to externalize 
this module explicitly add it 
to
`build.rollupOptions.external`
[31m
    at viteLog (file:///D:/Kar
thik/Karthik/Projects/styllo/c
lient/node_modules/vite/dist/n
ode/chunks/dep-D4NMHUTW.js:463
74:15)
    at file:///D:/Karthik/Kart
hik/Projects/styllo/client/nod
e_modules/vite/dist/node/chunk
s/dep-D4NMHUTW.js:46432:18
    at onwarn (file:///D:/Kart
hik/Karthik/Projects/styllo/cl
ient/node_modules/@vitejs/plug
in-react/dist/index.js:90:7)
    at file:///D:/Karthik/Kart
hik/Projects/styllo/client/nod
e_modules/vite/dist/node/chunk
s/dep-D4NMHUTW.js:46430:7
    at onRollupLog (file:///D:
/Karthik/Karthik/Projects/styl
lo/client/node_modules/vite/di
st/node/chunks/dep-D4NMHUTW.js
:46422:5)
    at onLog (file:///D:/Karth
ik/Karthik/Projects/styllo/cli
ent/node_modules/vite/dist/nod
e/chunks/dep-D4NMHUTW.js:46072
:7)
    at file:///D:/Karthik/Kart
hik/Projects/styllo/client/nod
e_modules/rollup/dist/es/share
d/node-entry.js:20958:32
    at Object.logger [as 
onLog] (file:///D:/Karthik/Kar
thik/Projects/styllo/client/no
de_modules/rollup/dist/es/shar
ed/node-entry.js:22945:9)
    at ModuleLoader.handleInva
lidResolvedId (file:///D:/Kart
hik/Karthik/Projects/styllo/cl
ient/node_modules/rollup/dist/
es/shared/node-entry.js:21689:
26)
    at file:///D:/Karthik/Kart
hik/Projects/styllo/client/nod
e_modules/rollup/dist/es/share
d/node-entry.js:21647:26[39m
